d:\drive-download-20260826t154431z-1-001\bubblepop\debug\imain.obj
d:\drive-download-20260826t154431z-1-001\bubblepop\debug\vc100.pdb
d:\drive-download-20260826t154431z-1-001\debug\bubblepop.ilk
d:\drive-download-20260826t154431z-1-001\debug\bubblepop.exe
d:\drive-download-20260826t154431z-1-001\bubblepop\debug\bubblepop.exe.intermediate.manifest
d:\drive-download-20260826t154431z-1-001\debug\bubblepop.pdb
e:\game_project_with_header\bubblepop\debug\vc120.pdb
e:\game_project_with_header\bubblepop\debug\vc120.idb
e:\game_project_with_header\bubblepop\debug\imain.obj
e:\game_project_with_header\bubblepop\debug\bubblepop.write.1.tlog
e:\game_project_with_header\bubblepop\debug\cl.command.1.tlog
e:\game_project_with_header\bubblepop\debug\cl.read.1.tlog
e:\game_project_with_header\bubblepop\debug\cl.write.1.tlog
e:\game_project_with_header\bubblepop\debug\link.command.1.tlog
e:\game_project_with_header\bubblepop\debug\link.read.1.tlog
e:\game_project_with_header\bubblepop\debug\link.write.1.tlog
e:\game_project_with_header\bubblepop\debug\mt.command.1.tlog
e:\game_project_with_header\bubblepop\debug\mt.read.1.tlog
e:\game_project_with_header\bubblepop\debug\mt.write.1.tlog
e:\game_project_with_header\bubblepop\debug\vc100.idb
e:\game_project_with_header\bubblepop\debug\vc100.pdb
e:\game_project_with_header\bubblepop\debug\bubblepop.exe.intermediate.manifest.xml
e:\game_project_with_header\debug\bubblepop.pdb
e:\game_project_with_header\bubblepop\debug\bubblepop.tlog\cl.command.1.tlog
e:\game_project_with_header\bubblepop\debug\bubblepop.tlog\cl.read.1.tlog
e:\game_project_with_header\bubblepop\debug\bubblepop.tlog\cl.write.1.tlog
e:\game_project_with_header\bubblepop\debug\bubblepop.tlog\link-cvtres.read.1.tlog
e:\game_project_with_header\bubblepop\debug\bubblepop.tlog\link-cvtres.write.1.tlog
e:\game_project_with_header\bubblepop\debug\bubblepop.tlog\link-rc.read.1.tlog
e:\game_project_with_header\bubblepop\debug\bubblepop.tlog\link-rc.write.1.tlog
e:\game_project_with_header\bubblepop\debug\bubblepop.tlog\link.command.1.tlog
e:\game_project_with_header\bubblepop\debug\bubblepop.tlog\link.read.1.tlog
e:\game_project_with_header\bubblepop\debug\bubblepop.tlog\link.write.1.tlog
